Current representation: patch_linear
Use GPU: cuda:0
[Model Factory] 路由已命中 -> 正在初始化: patch_linear variant in unified yzy model
>>>>>>>start training : long_term_forecast_ETTm1_336_720_patch_linear_yzy_ETTm1_ftM_sl336_ll48_pl720_dm256_nh4_el1_dl1_df512_fc3_ebtimeF_dtTrue_Exp_PatchLinear_0>>>>>>>>>>>>>>>>>>>>>>>>>>
train 33505
val 10801
test 10801
	iters: 200, epoch: 1 | loss: 0.4404160
	speed: 0.0203s/iter; left time: 315.1067s
	iters: 400, epoch: 1 | loss: 0.4302581
	speed: 0.0029s/iter; left time: 43.9975s
Epoch: 1 cost time: 4.307987689971924
Epoch: 1, Steps: 524 | Train Loss: 0.4244518 Vali Loss: 0.9704902 Test Loss: 0.4313170
Validation loss decreased (inf --> 0.970490).  Saving model ...
Updating learning rate to 0.00014958914215262048
	iters: 200, epoch: 2 | loss: 0.4202324
	speed: 0.0488s/iter; left time: 731.7151s
	iters: 400, epoch: 2 | loss: 0.3963699
	speed: 0.0028s/iter; left time: 42.0025s
Epoch: 2 cost time: 4.258614540100098
Epoch: 2, Steps: 524 | Train Loss: 0.4178704 Vali Loss: 0.9591973 Test Loss: 0.4285360
Validation loss decreased (0.970490 --> 0.959197).  Saving model ...
Updating learning rate to 0.0001483610700550354
	iters: 200, epoch: 3 | loss: 0.4702263
	speed: 0.0483s/iter; left time: 699.3323s
	iters: 400, epoch: 3 | loss: 0.3546303
	speed: 0.0029s/iter; left time: 40.8507s
Epoch: 3 cost time: 4.192714214324951
Epoch: 3, Steps: 524 | Train Loss: 0.4170237 Vali Loss: 0.9731680 Test Loss: 0.4279737
EarlyStopping counter: 1 out of 10
Updating learning rate to 0.00014632923872213652
	iters: 200, epoch: 4 | loss: 0.4623966
	speed: 0.0482s/iter; left time: 672.0000s
	iters: 400, epoch: 4 | loss: 0.4096645
	speed: 0.0029s/iter; left time: 39.1939s
Epoch: 4 cost time: 4.08481502532959
Epoch: 4, Steps: 524 | Train Loss: 0.4167307 Vali Loss: 0.9645433 Test Loss: 0.4275013
EarlyStopping counter: 2 out of 10
Updating learning rate to 0.00014351590932319504
	iters: 200, epoch: 5 | loss: 0.4217489
	speed: 0.0482s/iter; left time: 646.7520s
	iters: 400, epoch: 5 | loss: 0.3802921
	speed: 0.0028s/iter; left time: 37.6791s
Epoch: 5 cost time: 4.095936059951782
Epoch: 5, Steps: 524 | Train Loss: 0.4163511 Vali Loss: 0.9689838 Test Loss: 0.4256585
EarlyStopping counter: 3 out of 10
Updating learning rate to 0.0001399519052838329
	iters: 200, epoch: 6 | loss: 0.4233067
	speed: 0.0481s/iter; left time: 620.8874s
	iters: 400, epoch: 6 | loss: 0.4343436
	speed: 0.0028s/iter; left time: 36.1164s
Epoch: 6 cost time: 4.165826082229614
Epoch: 6, Steps: 524 | Train Loss: 0.4162774 Vali Loss: 0.9670119 Test Loss: 0.4271929
EarlyStopping counter: 4 out of 10
Updating learning rate to 0.00013567627457812106
	iters: 200, epoch: 7 | loss: 0.4831348
	speed: 0.0483s/iter; left time: 597.4823s
	iters: 400, epoch: 7 | loss: 0.4110477
	speed: 0.0029s/iter; left time: 34.9083s
Epoch: 7 cost time: 4.176684856414795
Epoch: 7, Steps: 524 | Train Loss: 0.4161853 Vali Loss: 0.9676874 Test Loss: 0.4252576
EarlyStopping counter: 5 out of 10
Updating learning rate to 0.00013073586191080457
	iters: 200, epoch: 8 | loss: 0.3998252
	speed: 0.0482s/iter; left time: 570.9549s
	iters: 400, epoch: 8 | loss: 0.4103383
	speed: 0.0028s/iter; left time: 32.9594s
Epoch: 8 cost time: 4.088123798370361
Epoch: 8, Steps: 524 | Train Loss: 0.4161145 Vali Loss: 0.9653382 Test Loss: 0.4277888
EarlyStopping counter: 6 out of 10
Updating learning rate to 0.00012518479547691435
	iters: 200, epoch: 9 | loss: 0.4070831
	speed: 0.0480s/iter; left time: 543.7077s
	iters: 400, epoch: 9 | loss: 0.4809981
	speed: 0.0028s/iter; left time: 31.3634s
Epoch: 9 cost time: 4.169870138168335
Epoch: 9, Steps: 524 | Train Loss: 0.4159858 Vali Loss: 0.9618924 Test Loss: 0.4281594
EarlyStopping counter: 7 out of 10
Updating learning rate to 0.00011908389392193547
	iters: 200, epoch: 10 | loss: 0.3747278
	speed: 0.0482s/iter; left time: 520.7878s
	iters: 400, epoch: 10 | loss: 0.4414912
	speed: 0.0028s/iter; left time: 30.1267s
Epoch: 10 cost time: 4.107637882232666
Epoch: 10, Steps: 524 | Train Loss: 0.4159446 Vali Loss: 0.9698947 Test Loss: 0.4251737
EarlyStopping counter: 8 out of 10
Updating learning rate to 0.0001125
	iters: 200, epoch: 11 | loss: 0.4145515
	speed: 0.0481s/iter; left time: 494.9586s
	iters: 400, epoch: 11 | loss: 0.4028237
	speed: 0.0028s/iter; left time: 28.5758s
Epoch: 11 cost time: 4.0893237590789795
Epoch: 11, Steps: 524 | Train Loss: 0.4158078 Vali Loss: 0.9625307 Test Loss: 0.4252602
EarlyStopping counter: 9 out of 10
Updating learning rate to 0.00010550524823068502
	iters: 200, epoch: 12 | loss: 0.4178994
	speed: 0.0481s/iter; left time: 469.6151s
	iters: 400, epoch: 12 | loss: 0.3950296
	speed: 0.0028s/iter; left time: 27.2246s
Epoch: 12 cost time: 4.079076290130615
Epoch: 12, Steps: 524 | Train Loss: 0.4157288 Vali Loss: 0.9657468 Test Loss: 0.4258856
EarlyStopping counter: 10 out of 10
Early stopping triggered at epoch 12

==============================
Final Diagnosis: Best Vali Epoch: 2
==============================

>>>>>>>testing : long_term_forecast_ETTm1_336_720_patch_linear_yzy_ETTm1_ftM_sl336_ll48_pl720_dm256_nh4_el1_dl1_df512_fc3_ebtimeF_dtTrue_Exp_PatchLinear_0<<<<<<<<<<<<<<<<<<<<<<<<<<<<<<<<<
test 10801
mse:0.4284329116344452, mae:0.41624271869659424
