Current representation: pure_gs
Use GPU: cuda:0
[Model Factory] 路由已命中 -> 正在初始化: pure_gs variant in unified yzy model
>>>>>>>start training : long_term_forecast_ETTm1_336_96_verify_revert_yzy_ETTm1_ftM_sl336_ll48_pl96_dm256_nh4_el1_dl1_df512_fc3_ebtimeF_dtTrue_Exp_Pure_GS_0>>>>>>>>>>>>>>>>>>>>>>>>>>
train 34129
val 11425
test 11425
	[Optimizer] Applied differentiated weight decay (0.0005) for splatting module
	[Splatting] Freezing Gaussian splatting for first 10 epochs
	iters: 200, epoch: 1 | loss: 0.3552147
	speed: 0.0240s/iter; left time: 380.1048s
	iters: 400, epoch: 1 | loss: 0.3841369
	speed: 0.0044s/iter; left time: 69.0635s
Epoch: 1 cost time: 5.521579742431641
Epoch: 1, Steps: 534 | Train Loss: 0.3917972 Vali Loss: 0.5444402 Test Loss: 0.4019749
Validation loss decreased (inf --> 0.544440).  Saving model ...
Updating learning rate to 0.00014958914215262048
	iters: 200, epoch: 2 | loss: 0.3652426
	speed: 0.0513s/iter; left time: 784.5527s
	iters: 400, epoch: 2 | loss: 0.3699710
	speed: 0.0045s/iter; left time: 67.9523s
Epoch: 2 cost time: 4.985825061798096
Epoch: 2, Steps: 534 | Train Loss: 0.3686252 Vali Loss: 0.5271438 Test Loss: 0.3902850
Validation loss decreased (0.544440 --> 0.527144).  Saving model ...
Updating learning rate to 0.0001483610700550354
	iters: 200, epoch: 3 | loss: 0.3661950
	speed: 0.0506s/iter; left time: 746.5107s
	iters: 400, epoch: 3 | loss: 0.3570534
	speed: 0.0047s/iter; left time: 69.0982s
Epoch: 3 cost time: 5.094543218612671
Epoch: 3, Steps: 534 | Train Loss: 0.3655902 Vali Loss: 0.5225374 Test Loss: 0.3852458
Validation loss decreased (0.527144 --> 0.522537).  Saving model ...
Updating learning rate to 0.00014632923872213652
	iters: 200, epoch: 4 | loss: 0.3399283
	speed: 0.0521s/iter; left time: 741.3329s
	iters: 400, epoch: 4 | loss: 0.3779858
	speed: 0.0049s/iter; left time: 68.0343s
Epoch: 4 cost time: 5.369364976882935
Epoch: 4, Steps: 534 | Train Loss: 0.3652819 Vali Loss: 0.5232839 Test Loss: 0.3846849
EarlyStopping counter: 1 out of 10
Updating learning rate to 0.00014351590932319504
	iters: 200, epoch: 5 | loss: 0.3749455
	speed: 0.0536s/iter; left time: 733.7488s
	iters: 400, epoch: 5 | loss: 0.3983290
	speed: 0.0049s/iter; left time: 65.8704s
Epoch: 5 cost time: 5.325141668319702
Epoch: 5, Steps: 534 | Train Loss: 0.3645414 Vali Loss: 0.5216052 Test Loss: 0.3831784
Validation loss decreased (0.522537 --> 0.521605).  Saving model ...
Updating learning rate to 0.0001399519052838329
	iters: 200, epoch: 6 | loss: 0.3557066
	speed: 0.0540s/iter; left time: 710.2389s
	iters: 400, epoch: 6 | loss: 0.3676142
	speed: 0.0049s/iter; left time: 63.6058s
Epoch: 6 cost time: 5.35082745552063
Epoch: 6, Steps: 534 | Train Loss: 0.3641423 Vali Loss: 0.5215783 Test Loss: 0.3837509
Validation loss decreased (0.521605 --> 0.521578).  Saving model ...
Updating learning rate to 0.00013567627457812106
	iters: 200, epoch: 7 | loss: 0.3797072
	speed: 0.0537s/iter; left time: 677.7290s
	iters: 400, epoch: 7 | loss: 0.3258572
	speed: 0.0051s/iter; left time: 63.8956s
Epoch: 7 cost time: 5.478822708129883
Epoch: 7, Steps: 534 | Train Loss: 0.3643419 Vali Loss: 0.5229294 Test Loss: 0.3837962
EarlyStopping counter: 1 out of 10
Updating learning rate to 0.00013073586191080457
	iters: 200, epoch: 8 | loss: 0.4005524
	speed: 0.0532s/iter; left time: 642.5833s
	iters: 400, epoch: 8 | loss: 0.3382783
	speed: 0.0048s/iter; left time: 57.5744s
Epoch: 8 cost time: 5.191226243972778
Epoch: 8, Steps: 534 | Train Loss: 0.3647396 Vali Loss: 0.5245953 Test Loss: 0.3850089
EarlyStopping counter: 2 out of 10
Updating learning rate to 0.00012518479547691435
	iters: 200, epoch: 9 | loss: 0.3806281
	speed: 0.0515s/iter; left time: 594.4337s
	iters: 400, epoch: 9 | loss: 0.3818324
	speed: 0.0045s/iter; left time: 51.4804s
Epoch: 9 cost time: 5.100356340408325
Epoch: 9, Steps: 534 | Train Loss: 0.3649123 Vali Loss: 0.5253410 Test Loss: 0.3861072
EarlyStopping counter: 3 out of 10
Updating learning rate to 0.00011908389392193547
	iters: 200, epoch: 10 | loss: 0.3658482
	speed: 0.0509s/iter; left time: 561.0190s
	iters: 400, epoch: 10 | loss: 0.3619760
	speed: 0.0049s/iter; left time: 53.3574s
Epoch: 10 cost time: 5.162529706954956
Epoch: 10, Steps: 534 | Train Loss: 0.3652590 Vali Loss: 0.5282775 Test Loss: 0.3878956
EarlyStopping counter: 4 out of 10
Updating learning rate to 0.0001125
	[Splatting] Unfreezing Gaussian splatting at epoch 11
	iters: 200, epoch: 11 | loss: 0.2599881
	speed: 0.0523s/iter; left time: 547.6324s
	iters: 400, epoch: 11 | loss: 0.2924575
	speed: 0.0058s/iter; left time: 59.6047s
Epoch: 11 cost time: 5.645530939102173
Epoch: 11, Steps: 534 | Train Loss: 0.3077946 Vali Loss: 0.4020934 Test Loss: 0.3080517
Validation loss decreased (0.521578 --> 0.402093).  Saving model ...
Updating learning rate to 0.00010550524823068502
	iters: 200, epoch: 12 | loss: 0.2404247
	speed: 0.0538s/iter; left time: 534.7885s
	iters: 400, epoch: 12 | loss: 0.2805977
	speed: 0.0048s/iter; left time: 46.9068s
Epoch: 12 cost time: 5.31304669380188
