Current representation: pure_gs
Use GPU: cuda:0
[Model Factory] 路由已命中 -> 正在初始化: pure_gs variant in unified yzy model
>>>>>>>start training : long_term_forecast_ETTm1_336_336_trainable_gs_yzy_ETTm1_ftM_sl336_ll48_pl336_dm256_nh4_el1_dl1_df512_fc3_ebtimeF_dtTrue_Exp_Trainable_GS_0>>>>>>>>>>>>>>>>>>>>>>>>>>
train 33889
val 11185
test 11185
	[Optimizer] Applied differentiated weight decay (0.0005) for splatting module
	[Splatting] Freezing Gaussian splatting for first 10 epochs
	iters: 200, epoch: 1 | loss: 0.4534506
	speed: 0.0229s/iter; left time: 359.6697s
	iters: 400, epoch: 1 | loss: 0.4699023
	speed: 0.0049s/iter; left time: 75.7883s
Epoch: 1 cost time: 5.50083065032959
Epoch: 1, Steps: 530 | Train Loss: 0.4467622 Vali Loss: 0.7683254 Test Loss: 0.4468101
Validation loss decreased (inf --> 0.768325).  Saving model ...
Updating learning rate to 0.00014958914215262048
	iters: 200, epoch: 2 | loss: 0.4730297
	speed: 0.0520s/iter; left time: 789.4430s
	iters: 400, epoch: 2 | loss: 0.3887393
	speed: 0.0049s/iter; left time: 73.7383s
Epoch: 2 cost time: 5.2372541427612305
Epoch: 2, Steps: 530 | Train Loss: 0.4259056 Vali Loss: 0.7582111 Test Loss: 0.4378571
Validation loss decreased (0.768325 --> 0.758211).  Saving model ...
Updating learning rate to 0.0001483610700550354
	iters: 200, epoch: 3 | loss: 0.4661655
	speed: 0.0521s/iter; left time: 762.2557s
	iters: 400, epoch: 3 | loss: 0.4085571
	speed: 0.0049s/iter; left time: 70.6221s
Epoch: 3 cost time: 5.217975616455078
Epoch: 3, Steps: 530 | Train Loss: 0.4237241 Vali Loss: 0.7533332 Test Loss: 0.4348060
Validation loss decreased (0.758211 --> 0.753333).  Saving model ...
Updating learning rate to 0.00014632923872213652
	iters: 200, epoch: 4 | loss: 0.4219146
	speed: 0.0520s/iter; left time: 733.9041s
	iters: 400, epoch: 4 | loss: 0.4391941
	speed: 0.0049s/iter; left time: 67.5181s
Epoch: 4 cost time: 5.218417406082153
Epoch: 4, Steps: 530 | Train Loss: 0.4231240 Vali Loss: 0.7555302 Test Loss: 0.4353071
EarlyStopping counter: 1 out of 10
Updating learning rate to 0.00014351590932319504
	iters: 200, epoch: 5 | loss: 0.3879226
	speed: 0.0521s/iter; left time: 707.1525s
	iters: 400, epoch: 5 | loss: 0.4059376
	speed: 0.0049s/iter; left time: 65.9848s
Epoch: 5 cost time: 5.209264278411865
Epoch: 5, Steps: 530 | Train Loss: 0.4221349 Vali Loss: 0.7546026 Test Loss: 0.4336224
EarlyStopping counter: 2 out of 10
Updating learning rate to 0.0001399519052838329
	iters: 200, epoch: 6 | loss: 0.4438504
	speed: 0.0520s/iter; left time: 679.0377s
	iters: 400, epoch: 6 | loss: 0.4293942
	speed: 0.0049s/iter; left time: 63.0180s
Epoch: 6 cost time: 5.2129926681518555
Epoch: 6, Steps: 530 | Train Loss: 0.4220323 Vali Loss: 0.7537757 Test Loss: 0.4342488
EarlyStopping counter: 3 out of 10
Updating learning rate to 0.00013567627457812106
	iters: 200, epoch: 7 | loss: 0.4459040
	speed: 0.0520s/iter; left time: 651.2990s
	iters: 400, epoch: 7 | loss: 0.4253069
	speed: 0.0049s/iter; left time: 59.8434s
Epoch: 7 cost time: 5.214125394821167
Epoch: 7, Steps: 530 | Train Loss: 0.4219956 Vali Loss: 0.7567237 Test Loss: 0.4365667
EarlyStopping counter: 4 out of 10
Updating learning rate to 0.00013073586191080457
	iters: 200, epoch: 8 | loss: 0.4698348
	speed: 0.0521s/iter; left time: 624.5105s
	iters: 400, epoch: 8 | loss: 0.4269757
	speed: 0.0049s/iter; left time: 57.5557s
Epoch: 8 cost time: 5.235942363739014
Epoch: 8, Steps: 530 | Train Loss: 0.4223028 Vali Loss: 0.7549322 Test Loss: 0.4344750
EarlyStopping counter: 5 out of 10
Updating learning rate to 0.00012518479547691435
	iters: 200, epoch: 9 | loss: 0.4801229
	speed: 0.0520s/iter; left time: 596.3287s
	iters: 400, epoch: 9 | loss: 0.4366891
	speed: 0.0049s/iter; left time: 55.0385s
Epoch: 9 cost time: 5.227792739868164
Epoch: 9, Steps: 530 | Train Loss: 0.4224157 Vali Loss: 0.7540718 Test Loss: 0.4352396
EarlyStopping counter: 6 out of 10
Updating learning rate to 0.00011908389392193547
	iters: 200, epoch: 10 | loss: 0.4546918
	speed: 0.0522s/iter; left time: 570.1685s
	iters: 400, epoch: 10 | loss: 0.4044711
	speed: 0.0050s/iter; left time: 53.3928s
Epoch: 10 cost time: 5.2156758308410645
Epoch: 10, Steps: 530 | Train Loss: 0.4226721 Vali Loss: 0.7556632 Test Loss: 0.4368043
EarlyStopping counter: 7 out of 10
Updating learning rate to 0.0001125
	[Splatting] Unfreezing Gaussian splatting at epoch 11
	iters: 200, epoch: 11 | loss: 0.4148446
	speed: 0.0524s/iter; left time: 544.8119s
	iters: 400, epoch: 11 | loss: 0.3623775
	speed: 0.0053s/iter; left time: 53.6003s
Epoch: 11 cost time: 5.434762716293335
Epoch: 11, Steps: 530 | Train Loss: 0.3810223 Vali Loss: 0.6694363 Test Loss: 0.3775464
Validation loss decreased (0.753333 --> 0.669436).  Saving model ...
Updating learning rate to 0.00010550524823068502
	iters: 200, epoch: 12 | loss: 0.3550430
	speed: 0.0526s/iter; left time: 519.0720s
	iters: 400, epoch: 12 | loss: 0.3326510
	speed: 0.0053s/iter; left time: 51.4035s
Epoch: 12 cost time: 5.440352201461792
Epoch: 12, Steps: 530 | Train Loss: 0.3681863 Vali Loss: 0.6543906 Test Loss: 0.3741759
Validation loss decreased (0.669436 --> 0.654391).  Saving model ...
Updating learning rate to 9.817627457812105e-05
	iters: 200, epoch: 13 | loss: 0.3564631
	speed: 0.0528s/iter; left time: 493.3959s
	iters: 400, epoch: 13 | loss: 0.3778833
	speed: 0.0053s/iter; left time: 48.4835s
Epoch: 13 cost time: 5.443036317825317
Epoch: 13, Steps: 530 | Train Loss: 0.3634835 Vali Loss: 0.6552867 Test Loss: 0.3738496
EarlyStopping counter: 1 out of 10
Updating learning rate to 9.059337681133192e-05
	iters: 200, epoch: 14 | loss: 0.3477675
	speed: 0.0527s/iter; left time: 464.7723s
	iters: 400, epoch: 14 | loss: 0.3775906
	speed: 0.0053s/iter; left time: 45.8973s
Epoch: 14 cost time: 5.434722900390625
Epoch: 14, Steps: 530 | Train Loss: 0.3600888 Vali Loss: 0.6395656 Test Loss: 0.3698750
Validation loss decreased (0.654391 --> 0.639566).  Saving model ...
Updating learning rate to 8.2839634745074e-05
	iters: 200, epoch: 15 | loss: 0.3347885
	speed: 0.0526s/iter; left time: 435.4794s
	iters: 400, epoch: 15 | loss: 0.3581208
	speed: 0.0053s/iter; left time: 42.6887s
Epoch: 15 cost time: 5.419856071472168
Epoch: 15, Steps: 530 | Train Loss: 0.3573311 Vali Loss: 0.6414319 Test Loss: 0.3693747
EarlyStopping counter: 1 out of 10
Updating learning rate to 7.5e-05
	iters: 200, epoch: 16 | loss: 0.3730834
	speed: 0.0530s/iter; left time: 410.6849s
	iters: 400, epoch: 16 | loss: 0.3457165
	speed: 0.0053s/iter; left time: 40.0443s
Epoch: 16 cost time: 5.448378562927246
Epoch: 16, Steps: 530 | Train Loss: 0.3552317 Vali Loss: 0.6369243 Test Loss: 0.3668658
Validation loss decreased (0.639566 --> 0.636924).  Saving model ...
Updating learning rate to 6.7160365254926e-05
	iters: 200, epoch: 17 | loss: 0.3238995
	speed: 0.0529s/iter; left time: 382.0368s
	iters: 400, epoch: 17 | loss: 0.3466365
	speed: 0.0054s/iter; left time: 37.6032s
Epoch: 17 cost time: 5.44453501701355
Epoch: 17, Steps: 530 | Train Loss: 0.3533396 Vali Loss: 0.6338992 Test Loss: 0.3652361
Validation loss decreased (0.636924 --> 0.633899).  Saving model ...
Updating learning rate to 5.9406623188668055e-05
	iters: 200, epoch: 18 | loss: 0.3389567
	speed: 0.0530s/iter; left time: 354.8979s
	iters: 400, epoch: 18 | loss: 0.3453183
	speed: 0.0053s/iter; left time: 34.3900s
Epoch: 18 cost time: 5.46362566947937
Epoch: 18, Steps: 530 | Train Loss: 0.3516716 Vali Loss: 0.6349059 Test Loss: 0.3663579
EarlyStopping counter: 1 out of 10
Updating learning rate to 5.182372542187895e-05
	iters: 200, epoch: 19 | loss: 0.3774472
	speed: 0.0527s/iter; left time: 324.6502s
	iters: 400, epoch: 19 | loss: 0.3466145
	speed: 0.0053s/iter; left time: 31.6965s
Epoch: 19 cost time: 5.4388792514801025
Epoch: 19, Steps: 530 | Train Loss: 0.3504260 Vali Loss: 0.6332169 Test Loss: 0.3649811
Validation loss decreased (0.633899 --> 0.633217).  Saving model ...
Updating learning rate to 4.449475176931498e-05
	iters: 200, epoch: 20 | loss: 0.3610496
	speed: 0.0528s/iter; left time: 297.1232s
	iters: 400, epoch: 20 | loss: 0.3320034
	speed: 0.0054s/iter; left time: 29.1257s
Epoch: 20 cost time: 5.450141429901123
Epoch: 20, Steps: 530 | Train Loss: 0.3494877 Vali Loss: 0.6316741 Test Loss: 0.3650011
Validation loss decreased (0.633217 --> 0.631674).  Saving model ...
Updating learning rate to 3.750000000000001e-05
	iters: 200, epoch: 21 | loss: 0.3412179
	speed: 0.0527s/iter; left time: 268.8228s
	iters: 400, epoch: 21 | loss: 0.3590692
	speed: 0.0053s/iter; left time: 26.0937s
Epoch: 21 cost time: 5.442762851715088
Epoch: 21, Steps: 530 | Train Loss: 0.3488790 Vali Loss: 0.6302765 Test Loss: 0.3637504
Validation loss decreased (0.631674 --> 0.630277).  Saving model ...
Updating learning rate to 3.091610607806452e-05
	iters: 200, epoch: 22 | loss: 0.3801062
	speed: 0.0527s/iter; left time: 240.8165s
	iters: 400, epoch: 22 | loss: 0.3144456
	speed: 0.0052s/iter; left time: 22.8138s
Epoch: 22 cost time: 5.422060251235962
Epoch: 22, Steps: 530 | Train Loss: 0.3481069 Vali Loss: 0.6294467 Test Loss: 0.3631752
Validation loss decreased (0.630277 --> 0.629447).  Saving model ...
Updating learning rate to 2.4815204523085654e-05
	iters: 200, epoch: 23 | loss: 0.3385025
	speed: 0.0530s/iter; left time: 214.1325s
	iters: 400, epoch: 23 | loss: 0.3556835
	speed: 0.0056s/iter; left time: 21.6203s
Epoch: 23 cost time: 5.568013668060303
Epoch: 23, Steps: 530 | Train Loss: 0.3474990 Vali Loss: 0.6302782 Test Loss: 0.3632646
EarlyStopping counter: 1 out of 10
Updating learning rate to 1.926413808919542e-05
	iters: 200, epoch: 24 | loss: 0.3402140
	speed: 0.0526s/iter; left time: 184.5984s
	iters: 400, epoch: 24 | loss: 0.3221728
	speed: 0.0053s/iter; left time: 17.6467s
Epoch: 24 cost time: 5.4319071769714355
Epoch: 24, Steps: 530 | Train Loss: 0.3469709 Vali Loss: 0.6300087 Test Loss: 0.3629885
EarlyStopping counter: 2 out of 10
Updating learning rate to 1.4323725421878949e-05
	iters: 200, epoch: 25 | loss: 0.3133610
	speed: 0.0526s/iter; left time: 156.7235s
	iters: 400, epoch: 25 | loss: 0.3316256
	speed: 0.0053s/iter; left time: 14.8026s
Epoch: 25 cost time: 5.401905536651611
Epoch: 25, Steps: 530 | Train Loss: 0.3465119 Vali Loss: 0.6290240 Test Loss: 0.3626548
Validation loss decreased (0.629447 --> 0.629024).  Saving model ...
Updating learning rate to 1.0048094716167095e-05
	iters: 200, epoch: 26 | loss: 0.3347510
	speed: 0.0527s/iter; left time: 129.2068s
	iters: 400, epoch: 26 | loss: 0.4238834
	speed: 0.0054s/iter; left time: 12.0773s
Epoch: 26 cost time: 5.442311525344849
Epoch: 26, Steps: 530 | Train Loss: 0.3463856 Vali Loss: 0.6292344 Test Loss: 0.3627684
EarlyStopping counter: 1 out of 10
Updating learning rate to 6.484090676804926e-06
	iters: 200, epoch: 27 | loss: 0.3607705
	speed: 0.0527s/iter; left time: 101.2033s
	iters: 400, epoch: 27 | loss: 0.3632386
	speed: 0.0053s/iter; left time: 9.1479s
Epoch: 27 cost time: 5.442813873291016
Epoch: 27, Steps: 530 | Train Loss: 0.3458967 Vali Loss: 0.6297991 Test Loss: 0.3625160
EarlyStopping counter: 2 out of 10
Updating learning rate to 3.670761277863485e-06
	iters: 200, epoch: 28 | loss: 0.3579792
	speed: 0.0528s/iter; left time: 73.4078s
	iters: 400, epoch: 28 | loss: 0.3415161
	speed: 0.0054s/iter; left time: 6.3747s
Epoch: 28 cost time: 5.436982870101929
Epoch: 28, Steps: 530 | Train Loss: 0.3458968 Vali Loss: 0.6293929 Test Loss: 0.3625862
EarlyStopping counter: 3 out of 10
Updating learning rate to 1.6389299449645733e-06
	iters: 200, epoch: 29 | loss: 0.4026554
	speed: 0.0528s/iter; left time: 45.4478s
	iters: 400, epoch: 29 | loss: 0.3349813
	speed: 0.0053s/iter; left time: 3.5140s
Epoch: 29 cost time: 5.439714431762695
Epoch: 29, Steps: 530 | Train Loss: 0.3459083 Vali Loss: 0.6292900 Test Loss: 0.3626134
EarlyStopping counter: 4 out of 10
Updating learning rate to 4.108578473795032e-07
	iters: 200, epoch: 30 | loss: 0.3911185
	speed: 0.0525s/iter; left time: 17.3692s
	iters: 400, epoch: 30 | loss: 0.3629655
	speed: 0.0054s/iter; left time: 0.7032s
Epoch: 30 cost time: 5.39194655418396
Epoch: 30, Steps: 530 | Train Loss: 0.3457990 Vali Loss: 0.6292018 Test Loss: 0.3626220
EarlyStopping counter: 5 out of 10
Updating learning rate to 0.0

==============================
Final Diagnosis: Best Vali Epoch: 25
==============================

>>>>>>>testing : long_term_forecast_ETTm1_336_336_trainable_gs_yzy_ETTm1_ftM_sl336_ll48_pl336_dm256_nh4_el1_dl1_df512_fc3_ebtimeF_dtTrue_Exp_Trainable_GS_0<<<<<<<<<<<<<<<<<<<<<<<<<<<<<<<<<
test 11185
mse:0.3625340461730957, mae:0.3874640464782715
