Current representation: pure_gs
Use GPU: cuda:0
[Model Factory] 路由已命中 -> 正在初始化: pure_gs variant in unified yzy model
>>>>>>>start training : long_term_forecast_ETTm1_336_720_trainable_gs_yzy_ETTm1_ftM_sl336_ll48_pl720_dm256_nh4_el1_dl1_df512_fc3_ebtimeF_dtTrue_Exp_Trainable_GS_0>>>>>>>>>>>>>>>>>>>>>>>>>>
train 33505
val 10801
test 10801
	[Optimizer] Applied differentiated weight decay (0.0005) for splatting module
	[Splatting] Freezing Gaussian splatting for first 10 epochs
	iters: 200, epoch: 1 | loss: 0.4712403
	speed: 0.0238s/iter; left time: 368.8274s
	iters: 400, epoch: 1 | loss: 0.4484905
	speed: 0.0056s/iter; left time: 85.2526s
Epoch: 1 cost time: 5.855825901031494
Epoch: 1, Steps: 524 | Train Loss: 0.5023684 Vali Loss: 1.0620874 Test Loss: 0.4880362
Validation loss decreased (inf --> 1.062087).  Saving model ...
Updating learning rate to 0.00014958914215262048
	iters: 200, epoch: 2 | loss: 0.4997120
	speed: 0.0536s/iter; left time: 804.4609s
	iters: 400, epoch: 2 | loss: 0.4432284
	speed: 0.0055s/iter; left time: 81.9432s
Epoch: 2 cost time: 5.4984235763549805
Epoch: 2, Steps: 524 | Train Loss: 0.4830139 Vali Loss: 1.0511421 Test Loss: 0.4804747
Validation loss decreased (1.062087 --> 1.051142).  Saving model ...
Updating learning rate to 0.0001483610700550354
	iters: 200, epoch: 3 | loss: 0.4671955
	speed: 0.0537s/iter; left time: 776.7408s
	iters: 400, epoch: 3 | loss: 0.5638670
	speed: 0.0056s/iter; left time: 79.2987s
Epoch: 3 cost time: 5.503103494644165
Epoch: 3, Steps: 524 | Train Loss: 0.4807696 Vali Loss: 1.0521477 Test Loss: 0.4811677
EarlyStopping counter: 1 out of 10
Updating learning rate to 0.00014632923872213652
	iters: 200, epoch: 4 | loss: 0.5045576
	speed: 0.0539s/iter; left time: 751.7809s
	iters: 400, epoch: 4 | loss: 0.4829978
	speed: 0.0056s/iter; left time: 76.6398s
Epoch: 4 cost time: 5.555528402328491
Epoch: 4, Steps: 524 | Train Loss: 0.4799408 Vali Loss: 1.0488456 Test Loss: 0.4786606
Validation loss decreased (1.051142 --> 1.048846).  Saving model ...
Updating learning rate to 0.00014351590932319504
	iters: 200, epoch: 5 | loss: 0.4345832
	speed: 0.0535s/iter; left time: 717.6750s
	iters: 400, epoch: 5 | loss: 0.4666776
	speed: 0.0056s/iter; left time: 73.7931s
Epoch: 5 cost time: 5.517429351806641
Epoch: 5, Steps: 524 | Train Loss: 0.4796581 Vali Loss: 1.0495766 Test Loss: 0.4769605
EarlyStopping counter: 1 out of 10
Updating learning rate to 0.0001399519052838329
	iters: 200, epoch: 6 | loss: 0.4555761
	speed: 0.0537s/iter; left time: 692.5295s
	iters: 400, epoch: 6 | loss: 0.5005902
	speed: 0.0055s/iter; left time: 70.4780s
Epoch: 6 cost time: 5.504923582077026
Epoch: 6, Steps: 524 | Train Loss: 0.4793365 Vali Loss: 1.0500300 Test Loss: 0.4773231
EarlyStopping counter: 2 out of 10
Updating learning rate to 0.00013567627457812106
	iters: 200, epoch: 7 | loss: 0.5538507
	speed: 0.0535s/iter; left time: 662.2096s
	iters: 400, epoch: 7 | loss: 0.5005810
	speed: 0.0055s/iter; left time: 66.6983s
Epoch: 7 cost time: 5.522021055221558
Epoch: 7, Steps: 524 | Train Loss: 0.4798796 Vali Loss: 1.0501323 Test Loss: 0.4783787
EarlyStopping counter: 3 out of 10
Updating learning rate to 0.00013073586191080457
	iters: 200, epoch: 8 | loss: 0.4248562
	speed: 0.0537s/iter; left time: 636.3179s
	iters: 400, epoch: 8 | loss: 0.4942164
	speed: 0.0055s/iter; left time: 64.1865s
Epoch: 8 cost time: 5.498866319656372
Epoch: 8, Steps: 524 | Train Loss: 0.4797820 Vali Loss: 1.0538268 Test Loss: 0.4828686
EarlyStopping counter: 4 out of 10
Updating learning rate to 0.00012518479547691435
	iters: 200, epoch: 9 | loss: 0.5140508
	speed: 0.0535s/iter; left time: 606.5415s
	iters: 400, epoch: 9 | loss: 0.5198685
	speed: 0.0055s/iter; left time: 61.2328s
Epoch: 9 cost time: 5.48449444770813
Epoch: 9, Steps: 524 | Train Loss: 0.4800671 Vali Loss: 1.0549636 Test Loss: 0.4836403
EarlyStopping counter: 5 out of 10
Updating learning rate to 0.00011908389392193547
	iters: 200, epoch: 10 | loss: 0.4374179
	speed: 0.0536s/iter; left time: 578.7241s
	iters: 400, epoch: 10 | loss: 0.5141397
	speed: 0.0056s/iter; left time: 59.7333s
Epoch: 10 cost time: 5.498470306396484
Epoch: 10, Steps: 524 | Train Loss: 0.4801694 Vali Loss: 1.0546489 Test Loss: 0.4837705
EarlyStopping counter: 6 out of 10
Updating learning rate to 0.0001125
	[Splatting] Unfreezing Gaussian splatting at epoch 11
	iters: 200, epoch: 11 | loss: 0.4383578
	speed: 0.0543s/iter; left time: 557.9386s
	iters: 400, epoch: 11 | loss: 0.4390635
	speed: 0.0061s/iter; left time: 61.1591s
Epoch: 11 cost time: 5.757907152175903
Epoch: 11, Steps: 524 | Train Loss: 0.4431901 Vali Loss: 0.9807097 Test Loss: 0.4332138
Validation loss decreased (1.048846 --> 0.980710).  Saving model ...
Updating learning rate to 0.00010550524823068502
	iters: 200, epoch: 12 | loss: 0.4133863
	speed: 0.0544s/iter; left time: 530.6793s
	iters: 400, epoch: 12 | loss: 0.4197827
	speed: 0.0060s/iter; left time: 57.5762s
Epoch: 12 cost time: 5.73543906211853
Epoch: 12, Steps: 524 | Train Loss: 0.4321861 Vali Loss: 0.9689918 Test Loss: 0.4301195
Validation loss decreased (0.980710 --> 0.968992).  Saving model ...
Updating learning rate to 9.817627457812105e-05
	iters: 200, epoch: 13 | loss: 0.3920617
	speed: 0.0543s/iter; left time: 501.7717s
	iters: 400, epoch: 13 | loss: 0.4365949
	speed: 0.0061s/iter; left time: 54.6749s
Epoch: 13 cost time: 5.758230209350586
Epoch: 13, Steps: 524 | Train Loss: 0.4277964 Vali Loss: 0.9625089 Test Loss: 0.4288543
Validation loss decreased (0.968992 --> 0.962509).  Saving model ...
Updating learning rate to 9.059337681133192e-05
	iters: 200, epoch: 14 | loss: 0.4634111
	speed: 0.0543s/iter; left time: 472.4777s
	iters: 400, epoch: 14 | loss: 0.3875189
	speed: 0.0060s/iter; left time: 51.1471s
Epoch: 14 cost time: 5.717521667480469
Epoch: 14, Steps: 524 | Train Loss: 0.4243196 Vali Loss: 0.9586344 Test Loss: 0.4281316
Validation loss decreased (0.962509 --> 0.958634).  Saving model ...
Updating learning rate to 8.2839634745074e-05
	iters: 200, epoch: 15 | loss: 0.4085170
	speed: 0.0543s/iter; left time: 444.2931s
	iters: 400, epoch: 15 | loss: 0.4023200
	speed: 0.0060s/iter; left time: 47.9098s
Epoch: 15 cost time: 5.729170322418213
Epoch: 15, Steps: 524 | Train Loss: 0.4215155 Vali Loss: 0.9620961 Test Loss: 0.4284963
EarlyStopping counter: 1 out of 10
Updating learning rate to 7.5e-05
	iters: 200, epoch: 16 | loss: 0.4199942
	speed: 0.0541s/iter; left time: 414.2675s
	iters: 400, epoch: 16 | loss: 0.4973425
	speed: 0.0060s/iter; left time: 45.0499s
Epoch: 16 cost time: 5.744331121444702
Epoch: 16, Steps: 524 | Train Loss: 0.4194795 Vali Loss: 0.9542394 Test Loss: 0.4246795
Validation loss decreased (0.958634 --> 0.954239).  Saving model ...
Updating learning rate to 6.7160365254926e-05
	iters: 200, epoch: 17 | loss: 0.4129976
	speed: 0.0545s/iter; left time: 389.1295s
	iters: 400, epoch: 17 | loss: 0.4237490
	speed: 0.0060s/iter; left time: 41.7962s
Epoch: 17 cost time: 5.759896755218506
Epoch: 17, Steps: 524 | Train Loss: 0.4175240 Vali Loss: 0.9539725 Test Loss: 0.4234089
Validation loss decreased (0.954239 --> 0.953972).  Saving model ...
Updating learning rate to 5.9406623188668055e-05
	iters: 200, epoch: 18 | loss: 0.3995061
	speed: 0.0542s/iter; left time: 358.6151s
	iters: 400, epoch: 18 | loss: 0.4216439
	speed: 0.0060s/iter; left time: 38.2371s
Epoch: 18 cost time: 5.716350555419922
Epoch: 18, Steps: 524 | Train Loss: 0.4160716 Vali Loss: 0.9517999 Test Loss: 0.4235983
Validation loss decreased (0.953972 --> 0.951800).  Saving model ...
Updating learning rate to 5.182372542187895e-05
	iters: 200, epoch: 19 | loss: 0.3640355
	speed: 0.0544s/iter; left time: 331.1926s
	iters: 400, epoch: 19 | loss: 0.4491307
	speed: 0.0060s/iter; left time: 35.5880s
Epoch: 19 cost time: 5.78461766242981
Epoch: 19, Steps: 524 | Train Loss: 0.4146056 Vali Loss: 0.9490947 Test Loss: 0.4196400
Validation loss decreased (0.951800 --> 0.949095).  Saving model ...
Updating learning rate to 4.449475176931498e-05
	iters: 200, epoch: 20 | loss: 0.3972994
	speed: 0.0542s/iter; left time: 301.7595s
	iters: 400, epoch: 20 | loss: 0.3843606
	speed: 0.0060s/iter; left time: 32.1988s
Epoch: 20 cost time: 5.735349416732788
Epoch: 20, Steps: 524 | Train Loss: 0.4139357 Vali Loss: 0.9511986 Test Loss: 0.4200501
EarlyStopping counter: 1 out of 10
Updating learning rate to 3.750000000000001e-05
	iters: 200, epoch: 21 | loss: 0.4334345
	speed: 0.0541s/iter; left time: 272.7960s
	iters: 400, epoch: 21 | loss: 0.4057896
	speed: 0.0060s/iter; left time: 29.0857s
Epoch: 21 cost time: 5.74885368347168
Epoch: 21, Steps: 524 | Train Loss: 0.4129569 Vali Loss: 0.9507967 Test Loss: 0.4183675
EarlyStopping counter: 2 out of 10
Updating learning rate to 3.091610607806452e-05
	iters: 200, epoch: 22 | loss: 0.3788851
	speed: 0.0542s/iter; left time: 244.9702s
	iters: 400, epoch: 22 | loss: 0.4061456
	speed: 0.0060s/iter; left time: 25.8591s
Epoch: 22 cost time: 5.733752250671387
Epoch: 22, Steps: 524 | Train Loss: 0.4123595 Vali Loss: 0.9506565 Test Loss: 0.4185502
EarlyStopping counter: 3 out of 10
Updating learning rate to 2.4815204523085654e-05
	iters: 200, epoch: 23 | loss: 0.3758291
	speed: 0.0543s/iter; left time: 216.7476s
	iters: 400, epoch: 23 | loss: 0.3959192
	speed: 0.0060s/iter; left time: 22.9186s
Epoch: 23 cost time: 5.749734163284302
Epoch: 23, Steps: 524 | Train Loss: 0.4117929 Vali Loss: 0.9489009 Test Loss: 0.4192271
Validation loss decreased (0.949095 --> 0.948901).  Saving model ...
Updating learning rate to 1.926413808919542e-05
	iters: 200, epoch: 24 | loss: 0.4274496
	speed: 0.0542s/iter; left time: 188.0191s
	iters: 400, epoch: 24 | loss: 0.4135682
	speed: 0.0059s/iter; left time: 19.4276s
Epoch: 24 cost time: 5.742508411407471
Epoch: 24, Steps: 524 | Train Loss: 0.4115309 Vali Loss: 0.9487629 Test Loss: 0.4192119
Validation loss decreased (0.948901 --> 0.948763).  Saving model ...
Updating learning rate to 1.4323725421878949e-05
	iters: 200, epoch: 25 | loss: 0.4391651
	speed: 0.0546s/iter; left time: 160.6582s
	iters: 400, epoch: 25 | loss: 0.3861994
	speed: 0.0060s/iter; left time: 16.3474s
Epoch: 25 cost time: 5.697354793548584
Epoch: 25, Steps: 524 | Train Loss: 0.4112704 Vali Loss: 0.9470081 Test Loss: 0.4194465
Validation loss decreased (0.948763 --> 0.947008).  Saving model ...
Updating learning rate to 1.0048094716167095e-05
	iters: 200, epoch: 26 | loss: 0.4363995
	speed: 0.0540s/iter; left time: 130.7223s
	iters: 400, epoch: 26 | loss: 0.4141142
	speed: 0.0060s/iter; left time: 13.2886s
Epoch: 26 cost time: 5.726926326751709
Epoch: 26, Steps: 524 | Train Loss: 0.4108921 Vali Loss: 0.9485835 Test Loss: 0.4188771
EarlyStopping counter: 1 out of 10
Updating learning rate to 6.484090676804926e-06
	iters: 200, epoch: 27 | loss: 0.4227099
	speed: 0.0542s/iter; left time: 102.7698s
	iters: 400, epoch: 27 | loss: 0.4106825
	speed: 0.0061s/iter; left time: 10.3030s
Epoch: 27 cost time: 5.728199243545532
Epoch: 27, Steps: 524 | Train Loss: 0.4107738 Vali Loss: 0.9484038 Test Loss: 0.4191110
EarlyStopping counter: 2 out of 10
Updating learning rate to 3.670761277863485e-06
	iters: 200, epoch: 28 | loss: 0.4221553
	speed: 0.0542s/iter; left time: 74.4203s
	iters: 400, epoch: 28 | loss: 0.4098065
	speed: 0.0060s/iter; left time: 7.0584s
Epoch: 28 cost time: 5.761078834533691
Epoch: 28, Steps: 524 | Train Loss: 0.4108045 Vali Loss: 0.9478814 Test Loss: 0.4186620
EarlyStopping counter: 3 out of 10
Updating learning rate to 1.6389299449645733e-06
	iters: 200, epoch: 29 | loss: 0.4225381
	speed: 0.0545s/iter; left time: 46.2828s
	iters: 400, epoch: 29 | loss: 0.3850382
	speed: 0.0061s/iter; left time: 3.9334s
Epoch: 29 cost time: 5.791282892227173
Epoch: 29, Steps: 524 | Train Loss: 0.4105432 Vali Loss: 0.9477043 Test Loss: 0.4185807
EarlyStopping counter: 4 out of 10
Updating learning rate to 4.108578473795032e-07
	iters: 200, epoch: 30 | loss: 0.3935759
	speed: 0.0542s/iter; left time: 17.6154s
	iters: 400, epoch: 30 | loss: 0.3973143
	speed: 0.0060s/iter; left time: 0.7481s
Epoch: 30 cost time: 5.741853952407837
Epoch: 30, Steps: 524 | Train Loss: 0.4105626 Vali Loss: 0.9480147 Test Loss: 0.4186142
EarlyStopping counter: 5 out of 10
Updating learning rate to 0.0

==============================
Final Diagnosis: Best Vali Epoch: 25
==============================

>>>>>>>testing : long_term_forecast_ETTm1_336_720_trainable_gs_yzy_ETTm1_ftM_sl336_ll48_pl720_dm256_nh4_el1_dl1_df512_fc3_ebtimeF_dtTrue_Exp_Trainable_GS_0<<<<<<<<<<<<<<<<<<<<<<<<<<<<<<<<<
test 10801
mse:0.41928938031196594, mae:0.41917502880096436
