Current representation: pure_gs
Use GPU: cuda:0
[Model Factory] 路由已命中 -> 正在初始化: pure_gs variant in unified yzy model
>>>>>>>start training : long_term_forecast_ETTm1_336_192_frozen_gs_yzy_ETTm1_ftM_sl336_ll48_pl192_dm256_nh4_el1_dl1_df512_fc3_ebtimeF_dtTrue_Exp_Frozen_GS_0>>>>>>>>>>>>>>>>>>>>>>>>>>
train 34033
val 11329
test 11329
	[Optimizer] Applied differentiated weight decay (0.0005) for splatting module
	[Splatting] Freezing Gaussian splatting for first 30 epochs
	iters: 200, epoch: 1 | loss: 0.3633124
	speed: 0.0230s/iter; left time: 362.5586s
	iters: 400, epoch: 1 | loss: 0.3739407
	speed: 0.0047s/iter; left time: 73.4763s
Epoch: 1 cost time: 5.464980840682983
Epoch: 1, Steps: 532 | Train Loss: 0.4139732 Vali Loss: 0.6521853 Test Loss: 0.4194389
Validation loss decreased (inf --> 0.652185).  Saving model ...
Updating learning rate to 0.00014958914215262048
	iters: 200, epoch: 2 | loss: 0.3568723
	speed: 0.0516s/iter; left time: 786.5153s
	iters: 400, epoch: 2 | loss: 0.4028127
	speed: 0.0046s/iter; left time: 69.6786s
Epoch: 2 cost time: 5.096393346786499
Epoch: 2, Steps: 532 | Train Loss: 0.3932041 Vali Loss: 0.6288161 Test Loss: 0.4104327
Validation loss decreased (0.652185 --> 0.628816).  Saving model ...
Updating learning rate to 0.0001483610700550354
	iters: 200, epoch: 3 | loss: 0.3505390
	speed: 0.0512s/iter; left time: 752.1531s
	iters: 400, epoch: 3 | loss: 0.4773098
	speed: 0.0046s/iter; left time: 67.0869s
Epoch: 3 cost time: 5.069061756134033
Epoch: 3, Steps: 532 | Train Loss: 0.3900133 Vali Loss: 0.6247693 Test Loss: 0.4065593
Validation loss decreased (0.628816 --> 0.624769).  Saving model ...
Updating learning rate to 0.00014632923872213652
	iters: 200, epoch: 4 | loss: 0.4166258
	speed: 0.0513s/iter; left time: 726.5433s
	iters: 400, epoch: 4 | loss: 0.3785799
	speed: 0.0047s/iter; left time: 65.1774s
Epoch: 4 cost time: 5.090114116668701
Epoch: 4, Steps: 532 | Train Loss: 0.3893135 Vali Loss: 0.6214197 Test Loss: 0.4059338
Validation loss decreased (0.624769 --> 0.621420).  Saving model ...
Updating learning rate to 0.00014351590932319504
	iters: 200, epoch: 5 | loss: 0.3976763
	speed: 0.0514s/iter; left time: 701.1483s
	iters: 400, epoch: 5 | loss: 0.4461650
	speed: 0.0048s/iter; left time: 64.0281s
Epoch: 5 cost time: 5.0988852977752686
Epoch: 5, Steps: 532 | Train Loss: 0.3892125 Vali Loss: 0.6193765 Test Loss: 0.4054841
Validation loss decreased (0.621420 --> 0.619377).  Saving model ...
Updating learning rate to 0.0001399519052838329
	iters: 200, epoch: 6 | loss: 0.3511177
	speed: 0.0515s/iter; left time: 675.0756s
	iters: 400, epoch: 6 | loss: 0.3424178
	speed: 0.0047s/iter; left time: 60.7199s
Epoch: 6 cost time: 5.0982139110565186
Epoch: 6, Steps: 532 | Train Loss: 0.3884683 Vali Loss: 0.6240727 Test Loss: 0.4076624
EarlyStopping counter: 1 out of 30
Updating learning rate to 0.00013567627457812106
	iters: 200, epoch: 7 | loss: 0.3814604
	speed: 0.0516s/iter; left time: 648.1218s
	iters: 400, epoch: 7 | loss: 0.4151091
	speed: 0.0047s/iter; left time: 57.5206s
Epoch: 7 cost time: 5.133563756942749
Epoch: 7, Steps: 532 | Train Loss: 0.3886790 Vali Loss: 0.6231138 Test Loss: 0.4083674
EarlyStopping counter: 2 out of 30
Updating learning rate to 0.00013073586191080457
	iters: 200, epoch: 8 | loss: 0.3967836
	speed: 0.0516s/iter; left time: 620.6410s
	iters: 400, epoch: 8 | loss: 0.3725215
	speed: 0.0047s/iter; left time: 55.2115s
Epoch: 8 cost time: 5.093906402587891
Epoch: 8, Steps: 532 | Train Loss: 0.3888710 Vali Loss: 0.6195804 Test Loss: 0.4053213
EarlyStopping counter: 3 out of 30
Updating learning rate to 0.00012518479547691435
	iters: 200, epoch: 9 | loss: 0.4719417
	speed: 0.0515s/iter; left time: 592.2495s
	iters: 400, epoch: 9 | loss: 0.3743993
	speed: 0.0047s/iter; left time: 53.1360s
Epoch: 9 cost time: 5.1013453006744385
Epoch: 9, Steps: 532 | Train Loss: 0.3890909 Vali Loss: 0.6256320 Test Loss: 0.4085156
EarlyStopping counter: 4 out of 30
Updating learning rate to 0.00011908389392193547
	iters: 200, epoch: 10 | loss: 0.3477118
	speed: 0.0514s/iter; left time: 564.5204s
	iters: 400, epoch: 10 | loss: 0.3551709
	speed: 0.0047s/iter; left time: 50.3356s
Epoch: 10 cost time: 5.0873682498931885
Epoch: 10, Steps: 532 | Train Loss: 0.3890849 Vali Loss: 0.6225669 Test Loss: 0.4082624
EarlyStopping counter: 5 out of 30
Updating learning rate to 0.0001125
	iters: 200, epoch: 11 | loss: 0.3489746
	speed: 0.0515s/iter; left time: 538.2244s
	iters: 400, epoch: 11 | loss: 0.3816139
	speed: 0.0047s/iter; left time: 48.0535s
Epoch: 11 cost time: 5.107392072677612
Epoch: 11, Steps: 532 | Train Loss: 0.3897863 Vali Loss: 0.6260787 Test Loss: 0.4083185
EarlyStopping counter: 6 out of 30
Updating learning rate to 0.00010550524823068502
	iters: 200, epoch: 12 | loss: 0.4138270
	speed: 0.0513s/iter; left time: 508.6106s
	iters: 400, epoch: 12 | loss: 0.3520010
	speed: 0.0047s/iter; left time: 45.6715s
Epoch: 12 cost time: 5.0951948165893555
Epoch: 12, Steps: 532 | Train Loss: 0.3892323 Vali Loss: 0.6252307 Test Loss: 0.4078524
EarlyStopping counter: 7 out of 30
Updating learning rate to 9.817627457812105e-05
	iters: 200, epoch: 13 | loss: 0.3647133
	speed: 0.0514s/iter; left time: 481.5762s
	iters: 400, epoch: 13 | loss: 0.3771745
	speed: 0.0047s/iter; left time: 42.7738s
Epoch: 13 cost time: 5.107641220092773
Epoch: 13, Steps: 532 | Train Loss: 0.3899201 Vali Loss: 0.6246205 Test Loss: 0.4115625
EarlyStopping counter: 8 out of 30
Updating learning rate to 9.059337681133192e-05
	iters: 200, epoch: 14 | loss: 0.4627082
	speed: 0.0512s/iter; left time: 452.6350s
	iters: 400, epoch: 14 | loss: 0.3705393
	speed: 0.0047s/iter; left time: 40.5238s
Epoch: 14 cost time: 5.097531795501709
Epoch: 14, Steps: 532 | Train Loss: 0.3904290 Vali Loss: 0.6217391 Test Loss: 0.4092251
EarlyStopping counter: 9 out of 30
Updating learning rate to 8.2839634745074e-05
	iters: 200, epoch: 15 | loss: 0.3807135
	speed: 0.0514s/iter; left time: 427.1434s
	iters: 400, epoch: 15 | loss: 0.3851272
	speed: 0.0047s/iter; left time: 37.7416s
Epoch: 15 cost time: 5.091987609863281
Epoch: 15, Steps: 532 | Train Loss: 0.3903886 Vali Loss: 0.6327839 Test Loss: 0.4084218
EarlyStopping counter: 10 out of 30
Updating learning rate to 7.5e-05
	iters: 200, epoch: 16 | loss: 0.4253949
	speed: 0.0517s/iter; left time: 401.8997s
	iters: 400, epoch: 16 | loss: 0.3959834
	speed: 0.0047s/iter; left time: 35.3246s
Epoch: 16 cost time: 5.133720397949219
Epoch: 16, Steps: 532 | Train Loss: 0.3903569 Vali Loss: 0.6287028 Test Loss: 0.4087007
EarlyStopping counter: 11 out of 30
Updating learning rate to 6.7160365254926e-05
	iters: 200, epoch: 17 | loss: 0.3945108
	speed: 0.0515s/iter; left time: 373.3907s
	iters: 400, epoch: 17 | loss: 0.3857855
	speed: 0.0048s/iter; left time: 33.7862s
Epoch: 17 cost time: 5.131206512451172
Epoch: 17, Steps: 532 | Train Loss: 0.3901597 Vali Loss: 0.6300868 Test Loss: 0.4101406
EarlyStopping counter: 12 out of 30
Updating learning rate to 5.9406623188668055e-05
	iters: 200, epoch: 18 | loss: 0.3804505
	speed: 0.0515s/iter; left time: 346.1070s
	iters: 400, epoch: 18 | loss: 0.4520158
	speed: 0.0047s/iter; left time: 30.4472s
Epoch: 18 cost time: 5.1001598834991455
Epoch: 18, Steps: 532 | Train Loss: 0.3900952 Vali Loss: 0.6243334 Test Loss: 0.4087247
EarlyStopping counter: 13 out of 30
Updating learning rate to 5.182372542187895e-05
	iters: 200, epoch: 19 | loss: 0.3502422
	speed: 0.0515s/iter; left time: 318.4420s
	iters: 400, epoch: 19 | loss: 0.3711610
	speed: 0.0047s/iter; left time: 28.2925s
Epoch: 19 cost time: 5.119967699050903
Epoch: 19, Steps: 532 | Train Loss: 0.3904641 Vali Loss: 0.6226574 Test Loss: 0.4084536
EarlyStopping counter: 14 out of 30
Updating learning rate to 4.449475176931498e-05
	iters: 200, epoch: 20 | loss: 0.4114720
	speed: 0.0515s/iter; left time: 291.0223s
	iters: 400, epoch: 20 | loss: 0.3834843
	speed: 0.0047s/iter; left time: 25.3853s
Epoch: 20 cost time: 5.098488807678223
Epoch: 20, Steps: 532 | Train Loss: 0.3904679 Vali Loss: 0.6255853 Test Loss: 0.4090519
EarlyStopping counter: 15 out of 30
Updating learning rate to 3.750000000000001e-05
	iters: 200, epoch: 21 | loss: 0.3936208
	speed: 0.0512s/iter; left time: 262.0151s
	iters: 400, epoch: 21 | loss: 0.3954744
	speed: 0.0047s/iter; left time: 23.3026s
Epoch: 21 cost time: 5.09848427772522
Epoch: 21, Steps: 532 | Train Loss: 0.3899868 Vali Loss: 0.6231676 Test Loss: 0.4098858
EarlyStopping counter: 16 out of 30
Updating learning rate to 3.091610607806452e-05
	iters: 200, epoch: 22 | loss: 0.4523186
	speed: 0.0516s/iter; left time: 236.8425s
	iters: 400, epoch: 22 | loss: 0.3878593
	speed: 0.0046s/iter; left time: 20.3284s
Epoch: 22 cost time: 5.125840902328491
Epoch: 22, Steps: 532 | Train Loss: 0.3897962 Vali Loss: 0.6241566 Test Loss: 0.4084606
EarlyStopping counter: 17 out of 30
Updating learning rate to 2.4815204523085654e-05
	iters: 200, epoch: 23 | loss: 0.3674237
	speed: 0.0510s/iter; left time: 207.0724s
	iters: 400, epoch: 23 | loss: 0.3982280
	speed: 0.0047s/iter; left time: 18.1845s
Epoch: 23 cost time: 5.084118366241455
Epoch: 23, Steps: 532 | Train Loss: 0.3902296 Vali Loss: 0.6290769 Test Loss: 0.4087301
EarlyStopping counter: 18 out of 30
Updating learning rate to 1.926413808919542e-05
	iters: 200, epoch: 24 | loss: 0.3648853
	speed: 0.0514s/iter; left time: 181.1584s
	iters: 400, epoch: 24 | loss: 0.3936320
	speed: 0.0047s/iter; left time: 15.5925s
Epoch: 24 cost time: 5.105494499206543
Epoch: 24, Steps: 532 | Train Loss: 0.3904093 Vali Loss: 0.6219553 Test Loss: 0.4086788
EarlyStopping counter: 19 out of 30
Updating learning rate to 1.4323725421878949e-05
	iters: 200, epoch: 25 | loss: 0.3835274
	speed: 0.0513s/iter; left time: 153.4367s
	iters: 400, epoch: 25 | loss: 0.4075608
	speed: 0.0046s/iter; left time: 12.9671s
Epoch: 25 cost time: 5.090957880020142
Epoch: 25, Steps: 532 | Train Loss: 0.3904510 Vali Loss: 0.6247335 Test Loss: 0.4084656
EarlyStopping counter: 20 out of 30
Updating learning rate to 1.0048094716167095e-05
	iters: 200, epoch: 26 | loss: 0.3795847
	speed: 0.0513s/iter; left time: 126.2846s
	iters: 400, epoch: 26 | loss: 0.3857185
	speed: 0.0047s/iter; left time: 10.5914s
Epoch: 26 cost time: 5.099481821060181
Epoch: 26, Steps: 532 | Train Loss: 0.3900903 Vali Loss: 0.6237056 Test Loss: 0.4080625
EarlyStopping counter: 21 out of 30
Updating learning rate to 6.484090676804926e-06
	iters: 200, epoch: 27 | loss: 0.4179077
	speed: 0.0515s/iter; left time: 99.2787s
	iters: 400, epoch: 27 | loss: 0.3997097
	speed: 0.0046s/iter; left time: 7.8982s
Epoch: 27 cost time: 5.080149412155151
Epoch: 27, Steps: 532 | Train Loss: 0.3900130 Vali Loss: 0.6226679 Test Loss: 0.4085244
EarlyStopping counter: 22 out of 30
Updating learning rate to 3.670761277863485e-06
	iters: 200, epoch: 28 | loss: 0.3641493
	speed: 0.0514s/iter; left time: 71.8727s
	iters: 400, epoch: 28 | loss: 0.4239809
	speed: 0.0047s/iter; left time: 5.5992s
Epoch: 28 cost time: 5.102949857711792
Epoch: 28, Steps: 532 | Train Loss: 0.3901301 Vali Loss: 0.6223276 Test Loss: 0.4078822
EarlyStopping counter: 23 out of 30
Updating learning rate to 1.6389299449645733e-06
	iters: 200, epoch: 29 | loss: 0.3684681
	speed: 0.0514s/iter; left time: 44.4653s
	iters: 400, epoch: 29 | loss: 0.3292944
	speed: 0.0047s/iter; left time: 3.1479s
Epoch: 29 cost time: 5.125967264175415
Epoch: 29, Steps: 532 | Train Loss: 0.3900435 Vali Loss: 0.6217192 Test Loss: 0.4080330
EarlyStopping counter: 24 out of 30
Updating learning rate to 4.108578473795032e-07
	iters: 200, epoch: 30 | loss: 0.4123814
	speed: 0.0515s/iter; left time: 17.1343s
	iters: 400, epoch: 30 | loss: 0.4152034
	speed: 0.0047s/iter; left time: 0.6317s
Epoch: 30 cost time: 5.178736686706543
Epoch: 30, Steps: 532 | Train Loss: 0.3902276 Vali Loss: 0.6236557 Test Loss: 0.4079989
EarlyStopping counter: 25 out of 30
Updating learning rate to 0.0

==============================
Final Diagnosis: Best Vali Epoch: 5
==============================

>>>>>>>testing : long_term_forecast_ETTm1_336_192_frozen_gs_yzy_ETTm1_ftM_sl336_ll48_pl192_dm256_nh4_el1_dl1_df512_fc3_ebtimeF_dtTrue_Exp_Frozen_GS_0<<<<<<<<<<<<<<<<<<<<<<<<<<<<<<<<<
test 11329
mse:0.40670305490493774, mae:0.4193509817123413
